
> react-kavia@0.1.0 start
> react-scripts start

(node:2853) [DEP_WEBPACK_DEV_SERVER_ON_AFTER_SETUP_MIDDLEWARE] DeprecationWarning: 'onAfterSetupMiddleware' option is deprecated. Please use the 'setupMiddlewares' option.
(Use `node --trace-deprecation ...` to show where the warning was created)
(node:2853) [DEP_WEBPACK_DEV_SERVER_ON_BEFORE_SETUP_MIDDLEWARE] DeprecationWarning: 'onBeforeSetupMiddleware' option is deprecated. Please use the 'setupMiddlewares' option.
Starting the development server...

Compiled successfully!

You can now view react-kavia in the browser.

  Local:            http://localhost:3000
  On Your Network:  http://172.17.0.2:3000

Note that the development build is not optimized.
To create a production build, use npm run build.

webpack compiled successfully
Compiling...
Compiled successfully!
webpack compiled successfully
Compiling...
Compiled with warnings.

[eslint] 
src/App.js
  Line 37:10:  'milestones' is assigned a value but never used           no-unused-vars
  Line 37:22:  'setMilestones' is assigned a value but never used        no-unused-vars
  Line 38:10:  'addMilestoneOpen' is assigned a value but never used     no-unused-vars
  Line 38:28:  'setAddMilestoneOpen' is assigned a value but never used  no-unused-vars
  Line 39:10:  'milestoneForm' is assigned a value but never used        no-unused-vars
  Line 39:25:  'setMilestoneForm' is assigned a value but never used     no-unused-vars

Search for the keywords to learn more about each warning.
To ignore, add // eslint-disable-next-line to the line before.

WARNING in [eslint] 
src/App.js
  Line 37:10:  'milestones' is assigned a value but never used           no-unused-vars
  Line 37:22:  'setMilestones' is assigned a value but never used        no-unused-vars
  Line 38:10:  'addMilestoneOpen' is assigned a value but never used     no-unused-vars
  Line 38:28:  'setAddMilestoneOpen' is assigned a value but never used  no-unused-vars
  Line 39:10:  'milestoneForm' is assigned a value but never used        no-unused-vars
  Line 39:25:  'setMilestoneForm' is assigned a value but never used     no-unused-vars

webpack compiled with 1 warning
Compiling...
Compiled with warnings.

[eslint] 
src/App.js
  Line 37:10:  'milestones' is assigned a value but never used                 no-unused-vars
  Line 38:10:  'addMilestoneOpen' is assigned a value but never used           no-unused-vars
  Line 147:9:  'handleAddMilestoneClick' is assigned a value but never used    no-unused-vars
  Line 158:9:  'handleMilestoneFormChange' is assigned a value but never used  no-unused-vars
  Line 168:9:  'handleAddMilestoneSubmit' is assigned a value but never used   no-unused-vars

Search for the keywords to learn more about each warning.
To ignore, add // eslint-disable-next-line to the line before.

WARNING in [eslint] 
src/App.js
  Line 37:10:  'milestones' is assigned a value but never used                 no-unused-vars
  Line 38:10:  'addMilestoneOpen' is assigned a value but never used           no-unused-vars
  Line 147:9:  'handleAddMilestoneClick' is assigned a value but never used    no-unused-vars
  Line 158:9:  'handleMilestoneFormChange' is assigned a value but never used  no-unused-vars
  Line 168:9:  'handleAddMilestoneSubmit' is assigned a value but never used   no-unused-vars

webpack compiled with 1 warning
Compiling...
Compiled successfully!
webpack compiled successfully
Compiling...
Compiled successfully!
webpack compiled successfully
